// Jest Snapshot v1, https://goo.gl/fbAQLP

exports[`foo test can test snapshot 1`] = `1.4848484848484849`;
